---
source: crates/sf-panels/src/snapshot_tests.rs
expression: map
---
-fffff--------------------------------------------------------
-ffffffffffAAAAAAAAAA..G.....................................-
-WWWWWWWWWWWWWWWWWW..........................................-
-GGddddddddddddddd--------------------------.................-
-GGddddddddddddd-------------------------....................-
-AAffffffffff---------.......................................-
---dddddddddd--..............................................-
-............................................................-
-ddddddddCCCCC...............................................-
-ddddddddddCCCCC.............................................-
-............................................................-
-............................................................-
-............................................................-
-............................................................-
-............................................................-
--------------------------------------------------------------
