---
source: crates/sf-panels/src/snapshot_tests.rs
expression: map
---
-fffffffffff--------------------------------------------------
----------IIIIIIIffffffffffffffffffffffffffffffffffffffff....-
----------AAAAAAAfffffffffffffffffffffffffffffff.............-
----------PPPPPPPfffffffffffffffffffff.......................-
----------XXXXXXXffffffffffffffffffffffffffffffffffffffff....-
-............................................................-
-............................................................-
-............................................................-
-............................................................-
-............................................................-
-............................................................-
-............................................................-
-............................................................-
-............................................................-
-............................................................-
--------------------------------------------------------------
