---
source: crates/sf-panels/src/snapshot_tests.rs
expression: map
---
-ffffffffffffffff---------------------------------------------
-ddddddddddddddddXXXXXXXXXX------............................-
-ddddddddddddddddCC........----..............................-
-............................................................-
-............................................................-
-............................................................-
-............................................................-
-............................................................-
-............................................................-
-............................................................-
-............................................................-
-............................................................-
-............................................................-
-............................................................-
-............................................................-
--------------------------------------------------------------
