---
source: crates/sf-panels/src/snapshot_tests.rs
expression: as_text(&buf)
---
┌ lab ───────────────────────────────────────────────────────┐
│2/4 jobs  train-136m  ●                                     │
│report.md is stale                                          │
│✓ ablate-causal-1  step 20,000  loss 2.6517                 │
│✓ sims-1600-800  300g  elo +283.8 +-41.3                    │
│▸ train-136m  running                                       │
│· match-136m                                                │
│                                                            │
│scale_D 237.2                                               │
│scale_bar 265.0                                             │
│                                                            │
│                                                            │
│                                                            │
│                                                            │
│                                                            │
└────────────────────────────────────────────────────────────┘
