---
source: crates/sf-panels/src/snapshot_tests.rs
expression: map
---
Addddd-AAddddd-Addddddd-AAAdddddddddd-AAAddddddddddd-Addddd...
..............................................................
..............................................................
..............................................................
..............................................................
..............................................................
..............................................................
..............................................................
..............................................................
..............................................................
..............................................................
..............................................................
..............................................................
..............................................................
..............................................................
..............................................................
