---
source: crates/sf-panels/src/snapshot_tests.rs
assertion_line: 182
expression: map
---
-fffffff------------------------------------------------------
-AAffffffffffffffffdddddWWWWWWWWWddddddd.....................-
-............................................................-
-............................................................-
-............................................................-
-............................................................-
-............................................................-
-............................................................-
-............................................................-
-............................................................-
-............................................................-
-............................................................-
-............................................................-
-............................................................-
-............................................................-
--------------------------------------------------------------
