---
source: crates/sf-panels/src/snapshot_tests.rs
expression: map
---
AfffffffffffffffAAAAAAAAAAAAAAAAAAAAAAAAAAAAAAAAAAAAAAAAAAAAAA
A           ..ffffffddd...G..................................A
AddddddCCCCCCCC..................ddddddddddddddddd...........A
Addddddffffffddddddddddddfffffddddddddffffffdddddddddfff.....A
AdddddddddddddddddWWCCCCCCCCCCCCCCCC.........................A
A............................................................A
AAAAAAAAAAAAAAAAAAAAAAAAAAAAAAAAAAddddddddddddddddddddddddd..A
Addddddddddddddddddddddd..........ddddddddddddddddddddddddd..A
Adddddddddddd.....................ddddddddddddddddddddddddd..A
A............................................................A
A............................................................A
A............................................................A
A............................................................A
A............................................................A
AddddPPPPffffffffffffff......................................A
AAAAAAAAAAAAAAAAAAAAAAAAAAAAAAAAAAAAAAAAAAAAAAAAAAAAAAAAAAAAAA
