---
source: crates/sf-panels/src/snapshot_tests.rs
expression: map
---
-fffffffff----------------------------------------------------
----------ddddddfffffffffffffffffffffffffffff................-
----------ddddddffffffffffffffffff...........................-
----------WWWWWWffffffffffffffffffffffffffffffffffff.........-
-............................................................-
-............................................................-
-............................................................-
-............................................................-
-............................................................-
-............................................................-
-............................................................-
-............................................................-
-............................................................-
-............................................................-
-............................................................-
--------------------------------------------------------------
