---
source: crates/sf-panels/src/snapshot_tests.rs
assertion_line: 182
expression: map
---
Addddd-AAddddd-Addddddd-AAAdddddddddd-AAAddddddddddd-Addddddd-
..............................................................
..............................................................
..............................................................
..............................................................
..............................................................
..............................................................
..............................................................
..............................................................
..............................................................
..............................................................
..............................................................
..............................................................
..............................................................
..............................................................
..............................................................
