---
source: crates/sf-panels/src/snapshot_tests.rs
expression: map
---
-fffffff------------------------------------------------------
-dddddPPPPP----------........................................-
----ff......ff...............................................-
----fff.....fffWW............................................-
----fff.....ffXX.............................................-
----fff.....fff..............................................-
-............................................................-
-............................................................-
-............................................................-
-............................................................-
-............................................................-
-............................................................-
-............................................................-
-............................................................-
-............................................................-
--------------------------------------------------------------
