---
source: crates/sf-panels/src/snapshot_tests.rs
expression: map
---
-ffffffff-----------------------------------------------------
-dddddddddAAAAA--------..IIIGGG..............................-
-dddddddddAAAAA--------..IIIGGG..............................-
-GGdddXXX....................................................-
------------G................................................-
-dddddddddd-------fffffffff-------fffffffff------fffffffff----
-dddddddddddddddddddddddddddddddddddddddddd..................-
-............................................................-
-............................................................-
-............................................................-
-............................................................-
-............................................................-
-............................................................-
-............................................................-
-............................................................-
--------------------------------------------------------------
