---
source: crates/sf-panels/src/snapshot_tests.rs
expression: map
---
-fffffff------------------------------------------------------
-dddddPPPPP----------........................................-
------ffffffff--ffffffffff--.................................-
------ffffffff--ffffffffffWW.................................-
------ffffffff--ffffffffffXX.................................-
------ffffffff--ffffffffff--.................................-
-............................................................-
-............................................................-
-............................................................-
-............................................................-
-............................................................-
-............................................................-
-............................................................-
-............................................................-
-............................................................-
--------------------------------------------------------------
