---
source: crates/sf-panels/src/snapshot_tests.rs
expression: map
---
          .ddddddd.GGGGGGGGG..AAAAA...........................
dddddddGGGG---ddddddddGGGG---fffGGdddXXX......................
--------------------------------------------------------------
..............................................................
..............................................................
..............................................................
..............................................................
..............................................................
..............................................................
..............................................................
..............................................................
..............................................................
..............................................................
..............................................................
..............................................................
..............................................................
