---
source: crates/sf-panels/src/snapshot_tests.rs
expression: map
---
-fffffffff----------------------------------------------------
-dddddCCCCCCCCCCCCCCCC....fffffdddddddddddddddd..............-
-dddddPPP.................ddddddddddG........................-
-WWWWWWWWWWWWWWWWWWWWWWW.....................................-
-ddffffffffdddddddd..........................................-
-ddffffffffdddddddddddd......................................-
-ddfffffffdddddddddddddd.....................................-
-GdddddXddddd--------Gdddddddddddddddd.......................-
-XXXXXXXXXXXXXXXXXXXXXXXXXXXXXXXXXXXXXXXXXXXXXX..............-
-............................................................-
-............................................................-
-............................................................-
-............................................................-
-............................................................-
-............................................................-
--------------------------------------------------------------
