---
source: crates/sf-panels/src/snapshot_tests.rs
expression: as_text(&buf)
---
┌ lichess budget ──────────────────────┐
│account/playing ██████████ 30/30      │
│account         █▋         1/6        │
│                                      │
│                                      │
│                                      │
│                                      │
└──────────────────────────────────────┘
