---
source: crates/sf-panels/src/snapshot_tests.rs
expression: map
---
-ffffffffff---------------------------------------------------
-CCCCCCCCCfffffddddddddddddddddddddG.........................-
-XXXXXXXXXXXXXXXXXXXXXXXXXXXXXXXXXXXXXXXXXXXXXXXXXXX.........-
-dddddfffffffIIIIIIIIIIIIIIIIIIIIIIIIIIIIII------------......-
-dddddAAAAAAAAAAAAAAA------------............................-
-dddddffffdddddddddddddd.....................................-
-XXXXXXdddddddddddddddddddddddddddddddddddddddddddddddd......-
-............................................................-
-............................................................-
-............................................................-
-............................................................-
-............................................................-
-............................................................-
-............................................................-
-............................................................-
--------------------------------------------------------------
