---
source: crates/sf-panels/src/snapshot_tests.rs
expression: as_text(&buf)
---
┌ matches ───────────────────────────────────────────────────┐
│sims-1600-vs-800 300g +284±41 LOS 100% REPLAY?              │
│reuse-400 300g +21±39 LOS 85% no code sha                   │
│                                                            │
│                                                            │
│                                                            │
│                                                            │
│                                                            │
│                                                            │
│                                                            │
│                                                            │
│                                                            │
│                                                            │
│                                                            │
│                                                            │
└────────────────────────────────────────────────────────────┘
