---
source: crates/sf-panels/src/snapshot_tests.rs
expression: as_text(&buf)
---
┌ moves ───────────────────────────────┐
│eval ▂▄▁▅█ 0.47-0.58                  │
│ 1.e4      c5                         │
│ 2.Nf3     Nc6?!                      │
│ 3.Bb5     g6??                       │
│ 4.O-O     Bg7                        │
│                                      │
└──────────────────────────────────────┘
