---
source: crates/sf-panels/src/snapshot_tests.rs
expression: as_text(&buf)
---
┌ evaluation ────────────────────────────────────────────────┐
│  +0.70   wp 0.60                                           │
│1.0                                                         │
│                                                            │
│                                                            │
│                                                            │
│                                                            │
│    ▆▆▆                                      ⣀⣀⣀⣀⡤⠤⠤⠤⠴⠒⠒⠒⠒⠒⠚│
│0.5      ⠒⠒⠒⠒⠒⠚⠉⠉⠉⠉⠉⠉⠉⠉⠉⠉⠙⠒⠒⠒⠒⠦⠤⠤⠤⠤⠤⠤⠤⠖⠒⠒⠚⠉⠉⠉⠁⠤⠤⠤⠤⠤⠤⠤⠤⠤⠤⠤⠤⠤⠤│
│                                                            │
│                                                            │
│                                                            │
│                                                            │
│                                                            │
│0.0                                                         │
└────────────────────────────────────────────────────────────┘
